// Vitest Snapshot v1, https://vitest.dev/guide/snapshot.html

exports[`matches snapshot 1`] = `
<DocumentFragment>
  <nav>
    <a
      data-discover="true"
      href="/"
    >
      Home
    </a>
    <a
      data-discover="true"
      href="/companies"
    >
      companies
    </a>
    <a
      data-discover="true"
      href="/jobs"
    >
      Jobs
    </a>
    <a
      data-discover="true"
      href="/login"
    >
      Login
    </a>
    <a
      data-discover="true"
      href="/signup"
    >
      Signup
    </a>
    <a
      data-discover="true"
      href="/profile"
    >
      Profile
    </a>
  </nav>
  <div>
    <h1>
      Jobly
    </h1>
    <h2>
      All the jobs in one, convenient place.
    </h2>
  </div>
</DocumentFragment>
`;
