// Vitest Snapshot v1, https://vitest.dev/guide/snapshot.html

exports[`matches snapshot 1`] = `
<DocumentFragment>
  <div>
    <form>
      <input
        name="search"
        placeholder="Enter search term..."
        type="text"
        value=""
      />
      <button
        type="submit"
      >
        Search!
      </button>
    </form>
    <div />
  </div>
</DocumentFragment>
`;
