// Vitest Snapshot v1, https://vitest.dev/guide/snapshot.html

exports[`Job > matches snapshot 1`] = `
<DocumentFragment>
  <div
    class="mb-3 card"
  >
    <div
      class="g-0 row"
    >
      <div
        class="card-body"
      >
        <div
          class="card-title h5"
        >
          A job
        </div>
        <p
          class="card-text"
        >
          A company
        </p>
        <ul>
          <li>
            Salary: 150000
          </li>
          <li>
            Equity: 0.1
          </li>
        </ul>
        <div
          class="d-flex justify-content-end"
        >
          <button
            class="btn btn-warning"
            type="button"
          >
            Apply
          </button>
        </div>
      </div>
    </div>
  </div>
</DocumentFragment>
`;
