// Vitest Snapshot v1, https://vitest.dev/guide/snapshot.html

exports[`matches snapshot 1`] = `
<DocumentFragment>
  <form
    class=""
  >
    <div
      class="my-3 input-group"
    >
      <input
        class="form-control"
        placeholder="Enter search term..."
        value=""
      />
      <button
        class="btn btn-primary"
        type="submit"
      >
        Search!
      </button>
    </div>
  </form>
</DocumentFragment>
`;
